// Jest Snapshot v1, https://goo.gl/fbAQLP

exports[`<LogoParticles/> should render currectly 1`] = `
<div>
  <canvas
    aria-label="Logo Particles"
    height="648"
    style="background-color: transparent;"
    width="1024"
  />
</div>
`;
