// Jest Snapshot v1, https://goo.gl/fbAQLP

exports[`<Section /> should render a children 1`] = `
.c0 {
  width: 100%;
  height: -webkit-fit-content;
  height: -moz-fit-content;
  height: fit-content;
  border-bottom: 1px solid #f2f2f2;
}

<div>
  <section
    class="c0"
  >
    <h1>
      Heading
    </h1>
  </section>
</div>
`;
